<?xml version="1.0"?>
<link_info>
   <banner>TI ARM Linker PC v5.1.1</banner>
   <copyright>Copyright (c) 1996-2013 Texas Instruments Incorporated</copyright>
   <link_time>0x5751e644</link_time>
   <link_errors>0x0</link_errors>
   <output_file>fly_demo3.out</output_file>
   <entry_point>
      <name>_c_int00</name>
      <address>0x77c5</address>
   </entry_point>
   <input_file_list>
      <input_file id="fl-2">
         <path>.\</path>
         <kind>object</kind>
         <file>uarts.obj</file>
         <name>uarts.obj</name>
      </input_file>
      <input_file id="fl-3">
         <path>.\</path>
         <kind>object</kind>
         <file>tm4c123ge6pm_startup_ccs.obj</file>
         <name>tm4c123ge6pm_startup_ccs.obj</name>
      </input_file>
      <input_file id="fl-4">
         <path>.\</path>
         <kind>object</kind>
         <file>timers.obj</file>
         <name>timers.obj</name>
      </input_file>
      <input_file id="fl-5">
         <path>.\</path>
         <kind>object</kind>
         <file>nrf2401.obj</file>
         <name>nrf2401.obj</name>
      </input_file>
      <input_file id="fl-6">
         <path>.\</path>
         <kind>object</kind>
         <file>mymath.obj</file>
         <name>mymath.obj</name>
      </input_file>
      <input_file id="fl-7">
         <path>.\</path>
         <kind>object</kind>
         <file>mpu6050.obj</file>
         <name>mpu6050.obj</name>
      </input_file>
      <input_file id="fl-8">
         <path>.\</path>
         <kind>object</kind>
         <file>main.obj</file>
         <name>main.obj</name>
      </input_file>
      <input_file id="fl-9">
         <path>.\</path>
         <kind>object</kind>
         <file>init.obj</file>
         <name>init.obj</name>
      </input_file>
      <input_file id="fl-a">
         <path>.\</path>
         <kind>object</kind>
         <file>imu_new.obj</file>
         <name>imu_new.obj</name>
      </input_file>
      <input_file id="fl-b">
         <path>.\</path>
         <kind>object</kind>
         <file>hmc5883.obj</file>
         <name>hmc5883.obj</name>
      </input_file>
      <input_file id="fl-c">
         <path>.\</path>
         <kind>object</kind>
         <file>flow.obj</file>
         <name>flow.obj</name>
      </input_file>
      <input_file id="fl-d">
         <path>.\</path>
         <kind>object</kind>
         <file>display_oled.obj</file>
         <name>display_oled.obj</name>
      </input_file>
      <input_file id="fl-e">
         <path>.\</path>
         <kind>object</kind>
         <file>control.obj</file>
         <name>control.obj</name>
      </input_file>
      <input_file id="fl-f">
         <path>.\</path>
         <kind>object</kind>
         <file>capture.obj</file>
         <name>capture.obj</name>
      </input_file>
      <input_file id="fl-10">
         <path>.\</path>
         <kind>object</kind>
         <file>US100.obj</file>
         <name>US100.obj</name>
      </input_file>
      <input_file id="fl-11">
         <path>.\</path>
         <kind>object</kind>
         <file>SPI.obj</file>
         <name>SPI.obj</name>
      </input_file>
      <input_file id="fl-12">
         <path>.\</path>
         <kind>object</kind>
         <file>PWM.obj</file>
         <name>PWM.obj</name>
      </input_file>
      <input_file id="fl-13">
         <path>.\</path>
         <kind>object</kind>
         <file>IIC.obj</file>
         <name>IIC.obj</name>
      </input_file>
      <input_file id="fl-18">
         <path>C:\ti\TivaWare_C_Series-2.0.1.11577\driverlib\ccs\Debug\</path>
         <kind>archive</kind>
         <file>driverlib.lib</file>
         <name>uart.obj</name>
      </input_file>
      <input_file id="fl-19">
         <path>C:\ti\TivaWare_C_Series-2.0.1.11577\driverlib\ccs\Debug\</path>
         <kind>archive</kind>
         <file>driverlib.lib</file>
         <name>timer.obj</name>
      </input_file>
      <input_file id="fl-1a">
         <path>C:\ti\TivaWare_C_Series-2.0.1.11577\driverlib\ccs\Debug\</path>
         <kind>archive</kind>
         <file>driverlib.lib</file>
         <name>sysctl.obj</name>
      </input_file>
      <input_file id="fl-1b">
         <path>C:\ti\TivaWare_C_Series-2.0.1.11577\driverlib\ccs\Debug\</path>
         <kind>archive</kind>
         <file>driverlib.lib</file>
         <name>ssi.obj</name>
      </input_file>
      <input_file id="fl-1c">
         <path>C:\ti\TivaWare_C_Series-2.0.1.11577\driverlib\ccs\Debug\</path>
         <kind>archive</kind>
         <file>driverlib.lib</file>
         <name>pwm.obj</name>
      </input_file>
      <input_file id="fl-1d">
         <path>C:\ti\TivaWare_C_Series-2.0.1.11577\driverlib\ccs\Debug\</path>
         <kind>archive</kind>
         <file>driverlib.lib</file>
         <name>interrupt.obj</name>
      </input_file>
      <input_file id="fl-1e">
         <path>C:\ti\TivaWare_C_Series-2.0.1.11577\driverlib\ccs\Debug\</path>
         <kind>archive</kind>
         <file>driverlib.lib</file>
         <name>i2c.obj</name>
      </input_file>
      <input_file id="fl-1f">
         <path>C:\ti\TivaWare_C_Series-2.0.1.11577\driverlib\ccs\Debug\</path>
         <kind>archive</kind>
         <file>driverlib.lib</file>
         <name>gpio.obj</name>
      </input_file>
      <input_file id="fl-20">
         <path>C:\ti\TivaWare_C_Series-2.0.1.11577\driverlib\ccs\Debug\</path>
         <kind>archive</kind>
         <file>driverlib.lib</file>
         <name>cpu.obj</name>
      </input_file>
      <input_file id="fl-14a">
         <path>D:\CCS5.4\ccsv5\tools\compiler\arm_5.1.1\lib\</path>
         <kind>archive</kind>
         <file>rtsv7M4_T_le_v4SPD16_eabi.lib</file>
         <name>asin.obj</name>
      </input_file>
      <input_file id="fl-14b">
         <path>D:\CCS5.4\ccsv5\tools\compiler\arm_5.1.1\lib\</path>
         <kind>archive</kind>
         <file>rtsv7M4_T_le_v4SPD16_eabi.lib</file>
         <name>atan2.obj</name>
      </input_file>
      <input_file id="fl-14c">
         <path>D:\CCS5.4\ccsv5\tools\compiler\arm_5.1.1\lib\</path>
         <kind>archive</kind>
         <file>rtsv7M4_T_le_v4SPD16_eabi.lib</file>
         <name>boot.obj</name>
      </input_file>
      <input_file id="fl-14d">
         <path>D:\CCS5.4\ccsv5\tools\compiler\arm_5.1.1\lib\</path>
         <kind>archive</kind>
         <file>rtsv7M4_T_le_v4SPD16_eabi.lib</file>
         <name>copy_decompress_none.obj</name>
      </input_file>
      <input_file id="fl-14e">
         <path>D:\CCS5.4\ccsv5\tools\compiler\arm_5.1.1\lib\</path>
         <kind>archive</kind>
         <file>rtsv7M4_T_le_v4SPD16_eabi.lib</file>
         <name>copy_decompress_rle.obj</name>
      </input_file>
      <input_file id="fl-14f">
         <path>D:\CCS5.4\ccsv5\tools\compiler\arm_5.1.1\lib\</path>
         <kind>archive</kind>
         <file>rtsv7M4_T_le_v4SPD16_eabi.lib</file>
         <name>copy_zero_init.obj</name>
      </input_file>
      <input_file id="fl-150">
         <path>D:\CCS5.4\ccsv5\tools\compiler\arm_5.1.1\lib\</path>
         <kind>archive</kind>
         <file>rtsv7M4_T_le_v4SPD16_eabi.lib</file>
         <name>exit.obj</name>
      </input_file>
      <input_file id="fl-151">
         <path>D:\CCS5.4\ccsv5\tools\compiler\arm_5.1.1\lib\</path>
         <kind>archive</kind>
         <file>rtsv7M4_T_le_v4SPD16_eabi.lib</file>
         <name>fd_add_t2.obj</name>
      </input_file>
      <input_file id="fl-152">
         <path>D:\CCS5.4\ccsv5\tools\compiler\arm_5.1.1\lib\</path>
         <kind>archive</kind>
         <file>rtsv7M4_T_le_v4SPD16_eabi.lib</file>
         <name>fd_cmp_t2.obj</name>
      </input_file>
      <input_file id="fl-153">
         <path>D:\CCS5.4\ccsv5\tools\compiler\arm_5.1.1\lib\</path>
         <kind>archive</kind>
         <file>rtsv7M4_T_le_v4SPD16_eabi.lib</file>
         <name>fd_div_t2.obj</name>
      </input_file>
      <input_file id="fl-154">
         <path>D:\CCS5.4\ccsv5\tools\compiler\arm_5.1.1\lib\</path>
         <kind>archive</kind>
         <file>rtsv7M4_T_le_v4SPD16_eabi.lib</file>
         <name>fd_mul_t2.obj</name>
      </input_file>
      <input_file id="fl-155">
         <path>D:\CCS5.4\ccsv5\tools\compiler\arm_5.1.1\lib\</path>
         <kind>archive</kind>
         <file>rtsv7M4_T_le_v4SPD16_eabi.lib</file>
         <name>fd_tos_t2.obj</name>
      </input_file>
      <input_file id="fl-156">
         <path>D:\CCS5.4\ccsv5\tools\compiler\arm_5.1.1\lib\</path>
         <kind>archive</kind>
         <file>rtsv7M4_T_le_v4SPD16_eabi.lib</file>
         <name>fs_tod_t2.obj</name>
      </input_file>
      <input_file id="fl-157">
         <path>D:\CCS5.4\ccsv5\tools\compiler\arm_5.1.1\lib\</path>
         <kind>archive</kind>
         <file>rtsv7M4_T_le_v4SPD16_eabi.lib</file>
         <name>i_tofd_t2.obj</name>
      </input_file>
      <input_file id="fl-158">
         <path>D:\CCS5.4\ccsv5\tools\compiler\arm_5.1.1\lib\</path>
         <kind>archive</kind>
         <file>rtsv7M4_T_le_v4SPD16_eabi.lib</file>
         <name>memcpy_t2.obj</name>
      </input_file>
      <input_file id="fl-159">
         <path>D:\CCS5.4\ccsv5\tools\compiler\arm_5.1.1\lib\</path>
         <kind>archive</kind>
         <file>rtsv7M4_T_le_v4SPD16_eabi.lib</file>
         <name>sqrt.obj</name>
      </input_file>
      <input_file id="fl-15a">
         <path>D:\CCS5.4\ccsv5\tools\compiler\arm_5.1.1\lib\</path>
         <kind>archive</kind>
         <file>rtsv7M4_T_le_v4SPD16_eabi.lib</file>
         <name>stkdepth_vars.obj</name>
      </input_file>
      <input_file id="fl-15b">
         <path>D:\CCS5.4\ccsv5\tools\compiler\arm_5.1.1\lib\</path>
         <kind>archive</kind>
         <file>rtsv7M4_T_le_v4SPD16_eabi.lib</file>
         <name>xatan.obj</name>
      </input_file>
      <input_file id="fl-15c">
         <path>D:\CCS5.4\ccsv5\tools\compiler\arm_5.1.1\lib\</path>
         <kind>archive</kind>
         <file>rtsv7M4_T_le_v4SPD16_eabi.lib</file>
         <name>xdscale.obj</name>
      </input_file>
      <input_file id="fl-15d">
         <path>D:\CCS5.4\ccsv5\tools\compiler\arm_5.1.1\lib\</path>
         <kind>archive</kind>
         <file>rtsv7M4_T_le_v4SPD16_eabi.lib</file>
         <name>xdtest.obj</name>
      </input_file>
      <input_file id="fl-15e">
         <path>D:\CCS5.4\ccsv5\tools\compiler\arm_5.1.1\lib\</path>
         <kind>archive</kind>
         <file>rtsv7M4_T_le_v4SPD16_eabi.lib</file>
         <name>xdunscal.obj</name>
      </input_file>
      <input_file id="fl-15f">
         <path>D:\CCS5.4\ccsv5\tools\compiler\arm_5.1.1\lib\</path>
         <kind>archive</kind>
         <file>rtsv7M4_T_le_v4SPD16_eabi.lib</file>
         <name>xferaise.obj</name>
      </input_file>
      <input_file id="fl-160">
         <path>D:\CCS5.4\ccsv5\tools\compiler\arm_5.1.1\lib\</path>
         <kind>archive</kind>
         <file>rtsv7M4_T_le_v4SPD16_eabi.lib</file>
         <name>xvalues.obj</name>
      </input_file>
      <input_file id="fl-161">
         <path>D:\CCS5.4\ccsv5\tools\compiler\arm_5.1.1\lib\</path>
         <kind>archive</kind>
         <file>rtsv7M4_T_le_v4SPD16_eabi.lib</file>
         <name>_lock.obj</name>
      </input_file>
      <input_file id="fl-162">
         <path>D:\CCS5.4\ccsv5\tools\compiler\arm_5.1.1\lib\</path>
         <kind>archive</kind>
         <file>rtsv7M4_T_le_v4SPD16_eabi.lib</file>
         <name>args_main.obj</name>
      </input_file>
      <input_file id="fl-163">
         <path>D:\CCS5.4\ccsv5\tools\compiler\arm_5.1.1\lib\</path>
         <kind>archive</kind>
         <file>rtsv7M4_T_le_v4SPD16_eabi.lib</file>
         <name>auto_init.obj</name>
      </input_file>
      <input_file id="fl-164">
         <path>D:\CCS5.4\ccsv5\tools\compiler\arm_5.1.1\lib\</path>
         <kind>archive</kind>
         <file>rtsv7M4_T_le_v4SPD16_eabi.lib</file>
         <name>cpy_tbl.obj</name>
      </input_file>
      <input_file id="fl-165">
         <path>D:\CCS5.4\ccsv5\tools\compiler\arm_5.1.1\lib\</path>
         <kind>archive</kind>
         <file>rtsv7M4_T_le_v4SPD16_eabi.lib</file>
         <name>errno.obj</name>
      </input_file>
      <input_file id="fl-166">
         <path>D:\CCS5.4\ccsv5\tools\compiler\arm_5.1.1\lib\</path>
         <kind>archive</kind>
         <file>rtsv7M4_T_le_v4SPD16_eabi.lib</file>
         <name>feraiseexcept.obj</name>
      </input_file>
      <input_file id="fl-167">
         <path>D:\CCS5.4\ccsv5\tools\compiler\arm_5.1.1\lib\</path>
         <kind>archive</kind>
         <file>rtsv7M4_T_le_v4SPD16_eabi.lib</file>
         <name>raise.obj</name>
      </input_file>
      <input_file id="fl-168">
         <path>D:\CCS5.4\ccsv5\tools\compiler\arm_5.1.1\lib\</path>
         <kind>archive</kind>
         <file>rtsv7M4_T_le_v4SPD16_eabi.lib</file>
         <name>signal.obj</name>
      </input_file>
      <input_file id="fl-169">
         <path>D:\CCS5.4\ccsv5\tools\compiler\arm_5.1.1\lib\</path>
         <kind>archive</kind>
         <file>rtsv7M4_T_le_v4SPD16_eabi.lib</file>
         <name>xdnorm.obj</name>
      </input_file>
   </input_file_list>
   <object_component_list>
      <object_component id="oc-e">
         <name>.intvecs</name>
         <load_address>0x0</load_address>
         <run_address>0x0</run_address>
         <size>0x26c</size>
         <input_file_ref idref="fl-3"/>
      </object_component>
      <object_component id="oc-156">
         <name>.text</name>
         <load_address>0x26c</load_address>
         <run_address>0x26c</run_address>
         <size>0x2350</size>
         <input_file_ref idref="fl-e"/>
      </object_component>
      <object_component id="oc-29">
         <name>.text</name>
         <load_address>0x25bc</load_address>
         <run_address>0x25bc</run_address>
         <size>0xf04</size>
         <input_file_ref idref="fl-2"/>
      </object_component>
      <object_component id="oc-151">
         <name>.text</name>
         <load_address>0x34c0</load_address>
         <run_address>0x34c0</run_address>
         <size>0x8c8</size>
         <input_file_ref idref="fl-a"/>
      </object_component>
      <object_component id="oc-38">
         <name>.text</name>
         <load_address>0x3d88</load_address>
         <run_address>0x3d88</run_address>
         <size>0x764</size>
         <input_file_ref idref="fl-f"/>
      </object_component>
      <object_component id="oc-187">
         <name>.text</name>
         <load_address>0x44ec</load_address>
         <run_address>0x44ec</run_address>
         <size>0x738</size>
         <input_file_ref idref="fl-6"/>
      </object_component>
      <object_component id="oc-182">
         <name>.text</name>
         <load_address>0x4c24</load_address>
         <run_address>0x4c24</run_address>
         <size>0x6f8</size>
         <input_file_ref idref="fl-d"/>
      </object_component>
      <object_component id="oc-17d">
         <name>.text</name>
         <load_address>0x531c</load_address>
         <run_address>0x531c</run_address>
         <size>0x434</size>
         <input_file_ref idref="fl-c"/>
      </object_component>
      <object_component id="oc-2e">
         <name>.text</name>
         <load_address>0x5750</load_address>
         <run_address>0x5750</run_address>
         <size>0x390</size>
         <input_file_ref idref="fl-4"/>
      </object_component>
      <object_component id="oc-14c">
         <name>.text</name>
         <load_address>0x5ae0</load_address>
         <run_address>0x5ae0</run_address>
         <size>0x36c</size>
         <input_file_ref idref="fl-7"/>
      </object_component>
      <object_component id="oc-33">
         <name>.text</name>
         <load_address>0x5e4c</load_address>
         <run_address>0x5e4c</run_address>
         <size>0x358</size>
         <input_file_ref idref="fl-9"/>
      </object_component>
      <object_component id="oc-2a3">
         <name>.text</name>
         <load_address>0x61a4</load_address>
         <run_address>0x61a4</run_address>
         <size>0x1b6</size>
         <input_file_ref idref="fl-151"/>
      </object_component>
      <object_component id="oc-4ee">
         <name>.text</name>
         <load_address>0x635c</load_address>
         <run_address>0x635c</run_address>
         <size>0x18c</size>
         <input_file_ref idref="fl-15b"/>
      </object_component>
      <object_component id="oc-15b">
         <name>.text</name>
         <load_address>0x64e8</load_address>
         <run_address>0x64e8</run_address>
         <size>0x168</size>
         <input_file_ref idref="fl-10"/>
      </object_component>
      <object_component id="oc-173">
         <name>.text</name>
         <load_address>0x6650</load_address>
         <run_address>0x6650</run_address>
         <size>0x158</size>
         <input_file_ref idref="fl-13"/>
      </object_component>
      <object_component id="oc-4f5">
         <name>.text</name>
         <load_address>0x67a8</load_address>
         <run_address>0x67a8</run_address>
         <size>0x148</size>
         <input_file_ref idref="fl-159"/>
      </object_component>
      <object_component id="oc-4ea">
         <name>.text</name>
         <load_address>0x68f0</load_address>
         <run_address>0x68f0</run_address>
         <size>0x136</size>
         <input_file_ref idref="fl-153"/>
      </object_component>
      <object_component id="oc-233">
         <name>.text:GPIOPadConfigSet</name>
         <load_address>0x6a26</load_address>
         <run_address>0x6a26</run_address>
         <size>0x130</size>
         <input_file_ref idref="fl-1f"/>
      </object_component>
      <object_component id="oc-2b3">
         <name>.text</name>
         <load_address>0x6b58</load_address>
         <run_address>0x6b58</run_address>
         <size>0x11c</size>
         <input_file_ref idref="fl-14a"/>
      </object_component>
      <object_component id="oc-2ae">
         <name>.text</name>
         <load_address>0x6c74</load_address>
         <run_address>0x6c74</run_address>
         <size>0x118</size>
         <input_file_ref idref="fl-14b"/>
      </object_component>
      <object_component id="oc-178">
         <name>.text</name>
         <load_address>0x6d8c</load_address>
         <run_address>0x6d8c</run_address>
         <size>0x114</size>
         <input_file_ref idref="fl-12"/>
      </object_component>
      <object_component id="oc-550">
         <name>.text</name>
         <load_address>0x6ea0</load_address>
         <run_address>0x6ea0</run_address>
         <size>0x110</size>
         <input_file_ref idref="fl-15c"/>
      </object_component>
      <object_component id="oc-16e">
         <name>.text:SysCtlClockSet</name>
         <load_address>0x6fb0</load_address>
         <run_address>0x6fb0</run_address>
         <size>0x104</size>
         <input_file_ref idref="fl-1a"/>
      </object_component>
      <object_component id="oc-29f">
         <name>.text</name>
         <load_address>0x70b4</load_address>
         <run_address>0x70b4</run_address>
         <size>0xfc</size>
         <input_file_ref idref="fl-154"/>
      </object_component>
      <object_component id="oc-7f">
         <name>.text:SysCtlClockGet</name>
         <load_address>0x71b0</load_address>
         <run_address>0x71b0</run_address>
         <size>0xc8</size>
         <input_file_ref idref="fl-1a"/>
      </object_component>
      <object_component id="oc-578">
         <name>.text</name>
         <load_address>0x7278</load_address>
         <run_address>0x7278</run_address>
         <size>0xc4</size>
         <input_file_ref idref="fl-169"/>
      </object_component>
      <object_component id="oc-51">
         <name>.text</name>
         <load_address>0x733c</load_address>
         <run_address>0x733c</run_address>
         <size>0x9c</size>
         <input_file_ref idref="fl-158"/>
      </object_component>
      <object_component id="oc-40">
         <name>.text</name>
         <load_address>0x73d8</load_address>
         <run_address>0x73d8</run_address>
         <size>0x94</size>
         <input_file_ref idref="fl-163"/>
      </object_component>
      <object_component id="oc-483">
         <name>.text:__aeabi_cdcmple</name>
         <load_address>0x746c</load_address>
         <run_address>0x746c</run_address>
         <size>0x7e</size>
         <input_file_ref idref="fl-152"/>
      </object_component>
      <object_component id="oc-489">
         <name>.text:__aeabi_cdrcmple</name>
         <load_address>0x74ea</load_address>
         <run_address>0x74ea</run_address>
         <size>0x7e</size>
         <input_file_ref idref="fl-152"/>
      </object_component>
      <object_component id="oc-54b">
         <name>.text</name>
         <load_address>0x7568</load_address>
         <run_address>0x7568</run_address>
         <size>0x64</size>
         <input_file_ref idref="fl-15e"/>
      </object_component>
      <object_component id="oc-93">
         <name>.text:IntEnable</name>
         <load_address>0x75cc</load_address>
         <run_address>0x75cc</run_address>
         <size>0x60</size>
         <input_file_ref idref="fl-1d"/>
      </object_component>
      <object_component id="oc-63">
         <name>.text</name>
         <load_address>0x762c</load_address>
         <run_address>0x762c</run_address>
         <size>0x5e</size>
         <input_file_ref idref="fl-14e"/>
      </object_component>
      <object_component id="oc-133">
         <name>.text:TimerConfigure</name>
         <load_address>0x768c</load_address>
         <run_address>0x768c</run_address>
         <size>0x5c</size>
         <input_file_ref idref="fl-19"/>
      </object_component>
      <object_component id="oc-2a7">
         <name>.text</name>
         <load_address>0x76e8</load_address>
         <run_address>0x76e8</run_address>
         <size>0x4a</size>
         <input_file_ref idref="fl-155"/>
      </object_component>
      <object_component id="oc-75">
         <name>.text:GPIOPinConfigure</name>
         <load_address>0x7734</load_address>
         <run_address>0x7734</run_address>
         <size>0x48</size>
         <input_file_ref idref="fl-1f"/>
      </object_component>
      <object_component id="oc-406">
         <name>.text:I2CMasterInitExpClk</name>
         <load_address>0x777c</load_address>
         <run_address>0x777c</run_address>
         <size>0x48</size>
         <input_file_ref idref="fl-1e"/>
      </object_component>
      <object_component id="oc-10">
         <name>.text</name>
         <load_address>0x77c4</load_address>
         <run_address>0x77c4</run_address>
         <size>0x48</size>
         <input_file_ref idref="fl-14c"/>
      </object_component>
      <object_component id="oc-1fc">
         <name>.text</name>
         <load_address>0x780c</load_address>
         <run_address>0x780c</run_address>
         <size>0x44</size>
         <input_file_ref idref="fl-164"/>
      </object_component>
      <object_component id="oc-49">
         <name>.text</name>
         <load_address>0x7850</load_address>
         <run_address>0x7850</run_address>
         <size>0x44</size>
         <input_file_ref idref="fl-150"/>
      </object_component>
      <object_component id="oc-4e5">
         <name>.text</name>
         <load_address>0x7894</load_address>
         <run_address>0x7894</run_address>
         <size>0x44</size>
         <input_file_ref idref="fl-15d"/>
      </object_component>
      <object_component id="oc-84">
         <name>.text:UARTConfigSetExpClk</name>
         <load_address>0x78d8</load_address>
         <run_address>0x78d8</run_address>
         <size>0x40</size>
         <input_file_ref idref="fl-18"/>
      </object_component>
      <object_component id="oc-517">
         <name>.text:_UARTIntNumberGet</name>
         <load_address>0x7918</load_address>
         <run_address>0x7918</run_address>
         <size>0x40</size>
         <input_file_ref idref="fl-18"/>
      </object_component>
      <object_component id="oc-599">
         <name>.text</name>
         <load_address>0x7958</load_address>
         <run_address>0x7958</run_address>
         <size>0x40</size>
         <input_file_ref idref="fl-168"/>
      </object_component>
      <object_component id="oc-29b">
         <name>.text</name>
         <load_address>0x7998</load_address>
         <run_address>0x7998</run_address>
         <size>0x38</size>
         <input_file_ref idref="fl-156"/>
      </object_component>
      <object_component id="oc-51c">
         <name>.text:IntRegister</name>
         <load_address>0x79d0</load_address>
         <run_address>0x79d0</run_address>
         <size>0x34</size>
         <input_file_ref idref="fl-1d"/>
      </object_component>
      <object_component id="oc-70">
         <name>.text:SysCtlPeripheralEnable</name>
         <load_address>0x7a04</load_address>
         <run_address>0x7a04</run_address>
         <size>0x34</size>
         <input_file_ref idref="fl-1a"/>
      </object_component>
      <object_component id="oc-556">
         <name>.text</name>
         <load_address>0x7a38</load_address>
         <run_address>0x7a38</run_address>
         <size>0x34</size>
         <input_file_ref idref="fl-166"/>
      </object_component>
      <object_component id="oc-202">
         <name>.text</name>
         <load_address>0x7a6c</load_address>
         <run_address>0x7a6c</run_address>
         <size>0x30</size>
         <input_file_ref idref="fl-8"/>
      </object_component>
      <object_component id="oc-4fa">
         <name>.text</name>
         <load_address>0x7a9c</load_address>
         <run_address>0x7a9c</run_address>
         <size>0x30</size>
         <input_file_ref idref="fl-15f"/>
      </object_component>
      <object_component id="oc-48d">
         <name>.text</name>
         <load_address>0x7acc</load_address>
         <run_address>0x7acc</run_address>
         <size>0x2e</size>
         <input_file_ref idref="fl-157"/>
      </object_component>
      <object_component id="oc-581">
         <name>.text</name>
         <load_address>0x7afa</load_address>
         <run_address>0x7afa</run_address>
         <size>0x2e</size>
         <input_file_ref idref="fl-167"/>
      </object_component>
      <object_component id="oc-22e">
         <name>.text:GPIODirModeSet</name>
         <load_address>0x7b28</load_address>
         <run_address>0x7b28</run_address>
         <size>0x2a</size>
         <input_file_ref idref="fl-1f"/>
      </object_component>
      <object_component id="oc-435">
         <name>.text:PWMGenConfigure</name>
         <load_address>0x7b52</load_address>
         <run_address>0x7b52</run_address>
         <size>0x22</size>
         <input_file_ref idref="fl-1c"/>
      </object_component>
      <object_component id="oc-3ce">
         <name>.text:PWMPulseWidthSet</name>
         <load_address>0x7b74</load_address>
         <run_address>0x7b74</run_address>
         <size>0x1e</size>
         <input_file_ref idref="fl-1c"/>
      </object_component>
      <object_component id="oc-23c">
         <name>.text:UARTDisable</name>
         <load_address>0x7b94</load_address>
         <run_address>0x7b94</run_address>
         <size>0x1c</size>
         <input_file_ref idref="fl-18"/>
      </object_component>
      <object_component id="oc-454">
         <name>.text:GPIOPinTypeGPIOOutput</name>
         <load_address>0x7bb0</load_address>
         <run_address>0x7bb0</run_address>
         <size>0x18</size>
         <input_file_ref idref="fl-1f"/>
      </object_component>
      <object_component id="oc-44f">
         <name>.text:UARTIntRegister</name>
         <load_address>0x7bc8</load_address>
         <run_address>0x7bc8</run_address>
         <size>0x18</size>
         <input_file_ref idref="fl-18"/>
      </object_component>
      <object_component id="oc-44">
         <name>.text</name>
         <load_address>0x7be0</load_address>
         <run_address>0x7be0</run_address>
         <size>0x18</size>
         <input_file_ref idref="fl-162"/>
      </object_component>
      <object_component id="oc-42b">
         <name>.text:SysCtlPWMClockSet</name>
         <load_address>0x7bf8</load_address>
         <run_address>0x7bf8</run_address>
         <size>0x14</size>
         <input_file_ref idref="fl-1a"/>
      </object_component>
      <object_component id="oc-241">
         <name>.text:UARTEnable</name>
         <load_address>0x7c0c</load_address>
         <run_address>0x7c0c</run_address>
         <size>0x14</size>
         <input_file_ref idref="fl-18"/>
      </object_component>
      <object_component id="oc-4ab">
         <name>.text</name>
         <load_address>0x7c20</load_address>
         <run_address>0x7c20</run_address>
         <size>0x14</size>
         <input_file_ref idref="fl-161"/>
      </object_component>
      <object_component id="oc-1ba">
         <name>.text:GPIOPinTypeGPIOInput</name>
         <load_address>0x7c34</load_address>
         <run_address>0x7c34</run_address>
         <size>0x12</size>
         <input_file_ref idref="fl-1f"/>
      </object_component>
      <object_component id="oc-401">
         <name>.text:GPIOPinTypeI2C</name>
         <load_address>0x7c46</load_address>
         <run_address>0x7c46</run_address>
         <size>0x12</size>
         <input_file_ref idref="fl-1f"/>
      </object_component>
      <object_component id="oc-3fc">
         <name>.text:GPIOPinTypeI2CSCL</name>
         <load_address>0x7c58</load_address>
         <run_address>0x7c58</run_address>
         <size>0x12</size>
         <input_file_ref idref="fl-1f"/>
      </object_component>
      <object_component id="oc-430">
         <name>.text:GPIOPinTypePWM</name>
         <load_address>0x7c6a</load_address>
         <run_address>0x7c6a</run_address>
         <size>0x12</size>
         <input_file_ref idref="fl-1f"/>
      </object_component>
      <object_component id="oc-1bf">
         <name>.text:GPIOPinTypeTimer</name>
         <load_address>0x7c7c</load_address>
         <run_address>0x7c7c</run_address>
         <size>0x12</size>
         <input_file_ref idref="fl-1f"/>
      </object_component>
      <object_component id="oc-7a">
         <name>.text:GPIOPinTypeUART</name>
         <load_address>0x7c8e</load_address>
         <run_address>0x7c8e</run_address>
         <size>0x12</size>
         <input_file_ref idref="fl-1f"/>
      </object_component>
      <object_component id="oc-444">
         <name>.text:PWMOutputState</name>
         <load_address>0x7ca0</load_address>
         <run_address>0x7ca0</run_address>
         <size>0x12</size>
         <input_file_ref idref="fl-1c"/>
      </object_component>
      <object_component id="oc-1c4">
         <name>.text:TimerControlEvent</name>
         <load_address>0x7cb2</load_address>
         <run_address>0x7cb2</run_address>
         <size>0x12</size>
         <input_file_ref idref="fl-19"/>
      </object_component>
      <object_component id="oc-138">
         <name>.text:TimerLoadSet</name>
         <load_address>0x7cc4</load_address>
         <run_address>0x7cc4</run_address>
         <size>0x12</size>
         <input_file_ref idref="fl-19"/>
      </object_component>
      <object_component id="oc-1b4">
         <name>.text:TimerPrescaleSet</name>
         <load_address>0x7cd6</load_address>
         <run_address>0x7cd6</run_address>
         <size>0x12</size>
         <input_file_ref idref="fl-19"/>
      </object_component>
      <object_component id="oc-19">
         <name>.text:decompress:ZI</name>
         <load_address>0x7ce8</load_address>
         <run_address>0x7ce8</run_address>
         <size>0x12</size>
         <input_file_ref idref="fl-14f"/>
      </object_component>
      <object_component id="oc-43a">
         <name>.text:PWMGenPeriodSet</name>
         <load_address>0x7cfa</load_address>
         <run_address>0x7cfa</run_address>
         <size>0x10</size>
         <input_file_ref idref="fl-1c"/>
      </object_component>
      <object_component id="oc-142">
         <name>.text:TimerEnable</name>
         <load_address>0x7d0a</load_address>
         <run_address>0x7d0a</run_address>
         <size>0xe</size>
         <input_file_ref idref="fl-19"/>
      </object_component>
      <object_component id="oc-10a">
         <name>.text:UARTCharGetNonBlocking</name>
         <load_address>0x7d18</load_address>
         <run_address>0x7d18</run_address>
         <size>0xe</size>
         <input_file_ref idref="fl-18"/>
      </object_component>
      <object_component id="oc-3ee">
         <name>.text:UARTCharPutNonBlocking</name>
         <load_address>0x7d26</load_address>
         <run_address>0x7d26</run_address>
         <size>0xe</size>
         <input_file_ref idref="fl-18"/>
      </object_component>
      <object_component id="oc-14">
         <name>.text:decompress:none</name>
         <load_address>0x7d34</load_address>
         <run_address>0x7d34</run_address>
         <size>0xe</size>
         <input_file_ref idref="fl-14d"/>
      </object_component>
      <object_component id="oc-249">
         <name>.text:CPUcpsie</name>
         <load_address>0x7d42</load_address>
         <run_address>0x7d42</run_address>
         <size>0xc</size>
         <input_file_ref idref="fl-20"/>
      </object_component>
      <object_component id="oc-43f">
         <name>.text:PWMGenEnable</name>
         <load_address>0x7d4e</load_address>
         <run_address>0x7d4e</run_address>
         <size>0xc</size>
         <input_file_ref idref="fl-1c"/>
      </object_component>
      <object_component id="oc-10f">
         <name>.text:UARTCharsAvail</name>
         <load_address>0x7d5a</load_address>
         <run_address>0x7d5a</run_address>
         <size>0xc</size>
         <input_file_ref idref="fl-18"/>
      </object_component>
      <object_component id="oc-24">
         <name>.text</name>
         <load_address>0x7d66</load_address>
         <run_address>0x7d66</run_address>
         <size>0xc</size>
         <input_file_ref idref="fl-3"/>
      </object_component>
      <object_component id="oc-40b">
         <name>.text:I2CMasterEnable</name>
         <load_address>0x7d72</load_address>
         <run_address>0x7d72</run_address>
         <size>0xa</size>
         <input_file_ref idref="fl-1e"/>
      </object_component>
      <object_component id="oc-8e">
         <name>.text:IntMasterEnable</name>
         <load_address>0x7d7c</load_address>
         <run_address>0x7d7c</run_address>
         <size>0xa</size>
         <input_file_ref idref="fl-1d"/>
      </object_component>
      <object_component id="oc-18c">
         <name>.text:TimerIntDisable</name>
         <load_address>0x7d86</load_address>
         <run_address>0x7d86</run_address>
         <size>0xa</size>
         <input_file_ref idref="fl-19"/>
      </object_component>
      <object_component id="oc-1c9">
         <name>.text:TimerPrescaleGet</name>
         <load_address>0x7d90</load_address>
         <run_address>0x7d90</run_address>
         <size>0xa</size>
         <input_file_ref idref="fl-19"/>
      </object_component>
      <object_component id="oc-1ce">
         <name>.text:TimerValueGet</name>
         <load_address>0x7d9a</load_address>
         <run_address>0x7d9a</run_address>
         <size>0xa</size>
         <input_file_ref idref="fl-19"/>
      </object_component>
      <object_component id="oc-d0">
         <name>.text:UARTCharPut</name>
         <load_address>0x7da4</load_address>
         <run_address>0x7da4</run_address>
         <size>0xa</size>
         <input_file_ref idref="fl-18"/>
      </object_component>
      <object_component id="oc-44a">
         <name>.text:UARTFIFOEnable</name>
         <load_address>0x7dae</load_address>
         <run_address>0x7dae</run_address>
         <size>0xa</size>
         <input_file_ref idref="fl-18"/>
      </object_component>
      <object_component id="oc-100">
         <name>.text:UARTIntStatus</name>
         <load_address>0x7db8</load_address>
         <run_address>0x7db8</run_address>
         <size>0xa</size>
         <input_file_ref idref="fl-18"/>
      </object_component>
      <object_component id="oc-41f">
         <name>.text:I2CMasterBusy</name>
         <load_address>0x7dc2</load_address>
         <run_address>0x7dc2</run_address>
         <size>0x8</size>
         <input_file_ref idref="fl-1e"/>
      </object_component>
      <object_component id="oc-410">
         <name>.text:I2CMasterSlaveAddrSet</name>
         <load_address>0x7dca</load_address>
         <run_address>0x7dca</run_address>
         <size>0x8</size>
         <input_file_ref idref="fl-1e"/>
      </object_component>
      <object_component id="oc-13d">
         <name>.text:TimerIntEnable</name>
         <load_address>0x7dd2</load_address>
         <run_address>0x7dd2</run_address>
         <size>0x8</size>
         <input_file_ref idref="fl-19"/>
      </object_component>
      <object_component id="oc-98">
         <name>.text:UARTIntEnable</name>
         <load_address>0x7dda</load_address>
         <run_address>0x7dda</run_address>
         <size>0x8</size>
         <input_file_ref idref="fl-18"/>
      </object_component>
      <object_component id="oc-459">
         <name>.text:GPIOPinWrite</name>
         <load_address>0x7de2</load_address>
         <run_address>0x7de2</run_address>
         <size>0x6</size>
         <input_file_ref idref="fl-1f"/>
      </object_component>
      <object_component id="oc-1b9">
         <name>.text:SysCtlDelay</name>
         <load_address>0x7de8</load_address>
         <run_address>0x7de8</run_address>
         <size>0x6</size>
         <input_file_ref idref="fl-1a"/>
      </object_component>
      <object_component id="oc-89">
         <name>.text:UARTFIFOLevelSet</name>
         <load_address>0x7dee</load_address>
         <run_address>0x7dee</run_address>
         <size>0x6</size>
         <input_file_ref idref="fl-18"/>
      </object_component>
      <object_component id="oc-1e">
         <name>.text:decompress:rle24</name>
         <load_address>0x7df4</load_address>
         <run_address>0x7df4</run_address>
         <size>0x6</size>
         <input_file_ref idref="fl-14e"/>
      </object_component>
      <object_component id="oc-41a">
         <name>.text:I2CMasterControl</name>
         <load_address>0x7dfa</load_address>
         <run_address>0x7dfa</run_address>
         <size>0x4</size>
         <input_file_ref idref="fl-1e"/>
      </object_component>
      <object_component id="oc-424">
         <name>.text:I2CMasterDataGet</name>
         <load_address>0x7dfe</load_address>
         <run_address>0x7dfe</run_address>
         <size>0x4</size>
         <input_file_ref idref="fl-1e"/>
      </object_component>
      <object_component id="oc-415">
         <name>.text:I2CMasterDataPut</name>
         <load_address>0x7e02</load_address>
         <run_address>0x7e02</run_address>
         <size>0x4</size>
         <input_file_ref idref="fl-1e"/>
      </object_component>
      <object_component id="oc-147">
         <name>.text:TimerIntClear</name>
         <load_address>0x7e06</load_address>
         <run_address>0x7e06</run_address>
         <size>0x4</size>
         <input_file_ref idref="fl-19"/>
      </object_component>
      <object_component id="oc-105">
         <name>.text:UARTIntClear</name>
         <load_address>0x7e0a</load_address>
         <run_address>0x7e0a</run_address>
         <size>0x4</size>
         <input_file_ref idref="fl-18"/>
      </object_component>
      <object_component id="oc-47d">
         <name>.const:.string:F8X16</name>
         <load_address>0x7e10</load_address>
         <run_address>0x7e10</run_address>
         <size>0x5f0</size>
         <input_file_ref idref="fl-d"/>
      </object_component>
      <object_component id="oc-47f">
         <name>.const:Hzk</name>
         <load_address>0x8400</load_address>
         <run_address>0x8400</run_address>
         <size>0x500</size>
         <input_file_ref idref="fl-d"/>
      </object_component>
      <object_component id="oc-22a">
         <name>.const:g_pui32GPIOBaseAddrs</name>
         <load_address>0x8900</load_address>
         <run_address>0x8900</run_address>
         <size>0x90</size>
         <input_file_ref idref="fl-1f"/>
      </object_component>
      <object_component id="oc-546">
         <name>.const</name>
         <load_address>0x8990</load_address>
         <run_address>0x8990</run_address>
         <size>0x88</size>
         <input_file_ref idref="fl-15b"/>
      </object_component>
      <object_component id="oc-254">
         <name>.const</name>
         <load_address>0x8a18</load_address>
         <run_address>0x8a18</run_address>
         <size>0x70</size>
         <input_file_ref idref="fl-1d"/>
      </object_component>
      <object_component id="oc-239">
         <name>.const:g_pui32Xtals</name>
         <load_address>0x8a88</load_address>
         <run_address>0x8a88</run_address>
         <size>0x6c</size>
         <input_file_ref idref="fl-1a"/>
      </object_component>
      <object_component id="oc-56b">
         <name>.const:g_ppui32UARTIntMap</name>
         <load_address>0x8af4</load_address>
         <run_address>0x8af4</run_address>
         <size>0x40</size>
         <input_file_ref idref="fl-18"/>
      </object_component>
      <object_component id="oc-56d">
         <name>.const:g_ppui32UARTIntMapSnowflake</name>
         <load_address>0x8b34</load_address>
         <run_address>0x8b34</run_address>
         <size>0x40</size>
         <input_file_ref idref="fl-18"/>
      </object_component>
      <object_component id="oc-5d8">
         <name>.cinit..data.load</name>
         <load_address>0x8b78</load_address>
         <run_address>0x8b78</run_address>
         <size>0x455</size>
      </object_component>
      <object_component id="oc-5d5">
         <name>__TI_handler_table</name>
         <load_address>0x8fd0</load_address>
         <run_address>0x8fd0</run_address>
         <size>0xc</size>
      </object_component>
      <object_component id="oc-5d9">
         <name>.cinit..bss.load</name>
         <load_address>0x8fe0</load_address>
         <run_address>0x8fe0</run_address>
         <size>0x8</size>
      </object_component>
      <object_component id="oc-5d7">
         <name>.cinit..vtable.load</name>
         <load_address>0x8fe8</load_address>
         <run_address>0x8fe8</run_address>
         <size>0x8</size>
      </object_component>
      <object_component id="oc-5d6">
         <name>__TI_cinit_table</name>
         <load_address>0x8ff0</load_address>
         <run_address>0x8ff0</run_address>
         <size>0x18</size>
      </object_component>
      <object_component id="oc-570">
         <name>.vtable</name>
         <uninitialized>true</uninitialized>
         <run_address>0x20000000</run_address>
         <size>0x26c</size>
         <input_file_ref idref="fl-1d"/>
      </object_component>
      <object_component id="oc-4e">
         <name>.data</name>
         <load_address>0x20000fec</load_address>
         <run_address>0x20000fec</run_address>
         <size>0x4</size>
         <input_file_ref idref="fl-15a"/>
      </object_component>
      <object_component id="oc-160">
         <name>.data</name>
         <load_address>0x20000fe4</load_address>
         <run_address>0x20000fe4</run_address>
         <size>0x7</size>
         <input_file_ref idref="fl-4"/>
      </object_component>
      <object_component id="oc-198">
         <name>.data</name>
         <load_address>0x20000fc4</load_address>
         <run_address>0x20000fc4</run_address>
         <size>0x8</size>
         <input_file_ref idref="fl-9"/>
      </object_component>
      <object_component id="oc-209">
         <name>.data</name>
         <load_address>0x20000fcc</load_address>
         <run_address>0x20000fcc</run_address>
         <size>0x8</size>
         <input_file_ref idref="fl-161"/>
      </object_component>
      <object_component id="oc-20b">
         <name>.data</name>
         <load_address>0x20000fd4</load_address>
         <run_address>0x20000fd4</run_address>
         <size>0x8</size>
         <input_file_ref idref="fl-150"/>
      </object_component>
      <object_component id="oc-288">
         <name>.data</name>
         <load_address>0x20000ff0</load_address>
         <run_address>0x20000ff0</run_address>
         <size>0x1</size>
         <input_file_ref idref="fl-7"/>
      </object_component>
      <object_component id="oc-2ab">
         <name>.data</name>
         <load_address>0x20000fa8</load_address>
         <run_address>0x20000fa8</run_address>
         <size>0x1c</size>
         <input_file_ref idref="fl-a"/>
      </object_component>
      <object_component id="oc-46b">
         <name>.data</name>
         <load_address>0x20000feb</load_address>
         <run_address>0x20000feb</run_address>
         <size>0x1</size>
         <input_file_ref idref="fl-c"/>
      </object_component>
      <object_component id="oc-487">
         <name>.data:fast_atan_table</name>
         <load_address>0x20000a70</load_address>
         <run_address>0x20000a70</run_address>
         <size>0x404</size>
         <input_file_ref idref="fl-6"/>
      </object_component>
      <object_component id="oc-4ff">
         <name>.data</name>
         <load_address>0x20000f28</load_address>
         <run_address>0x20000f28</run_address>
         <size>0x80</size>
         <input_file_ref idref="fl-160"/>
      </object_component>
      <object_component id="oc-55b">
         <name>.data</name>
         <load_address>0x20000f24</load_address>
         <run_address>0x20000f24</run_address>
         <size>0x4</size>
         <input_file_ref idref="fl-165"/>
      </object_component>
      <object_component id="oc-586">
         <name>.data</name>
         <load_address>0x20000fdc</load_address>
         <run_address>0x20000fdc</run_address>
         <size>0x8</size>
         <input_file_ref idref="fl-166"/>
      </object_component>
      <object_component id="oc-5aa">
         <name>.data:sigtable</name>
         <load_address>0x20000e74</load_address>
         <run_address>0x20000e74</run_address>
         <size>0xb0</size>
         <input_file_ref idref="fl-168"/>
      </object_component>
      <object_component id="oc-114">
         <name>.bss:UART_TXDATA</name>
         <uninitialized>true</uninitialized>
         <run_address>0x200011e4</run_address>
         <size>0x24</size>
         <input_file_ref idref="fl-2"/>
      </object_component>
      <object_component id="oc-286">
         <name>.bss:ACC_X_BUF</name>
         <uninitialized>true</uninitialized>
         <run_address>0x200010a4</run_address>
         <size>0x28</size>
         <input_file_ref idref="fl-7"/>
      </object_component>
      <object_component id="oc-289">
         <name>.bss:ACC_Y_BUF</name>
         <uninitialized>true</uninitialized>
         <run_address>0x200010cc</run_address>
         <size>0x28</size>
         <input_file_ref idref="fl-7"/>
      </object_component>
      <object_component id="oc-28b">
         <name>.bss:ACC_Z_BUF</name>
         <uninitialized>true</uninitialized>
         <run_address>0x200010f4</run_address>
         <size>0x28</size>
         <input_file_ref idref="fl-7"/>
      </object_component>
      <object_component id="oc-28d">
         <name>.bss:GYRO_X_BUF</name>
         <uninitialized>true</uninitialized>
         <run_address>0x2000111c</run_address>
         <size>0x28</size>
         <input_file_ref idref="fl-7"/>
      </object_component>
      <object_component id="oc-28f">
         <name>.bss:GYRO_Y_BUF</name>
         <uninitialized>true</uninitialized>
         <run_address>0x20001144</run_address>
         <size>0x28</size>
         <input_file_ref idref="fl-7"/>
      </object_component>
      <object_component id="oc-291">
         <name>.bss:GYRO_Z_BUF</name>
         <uninitialized>true</uninitialized>
         <run_address>0x2000116c</run_address>
         <size>0x28</size>
         <input_file_ref idref="fl-7"/>
      </object_component>
      <object_component id="oc-466">
         <name>.bss:VX_BUF</name>
         <uninitialized>true</uninitialized>
         <run_address>0x20001194</run_address>
         <size>0x28</size>
         <input_file_ref idref="fl-c"/>
      </object_component>
      <object_component id="oc-469">
         <name>.bss:VY_BUF</name>
         <uninitialized>true</uninitialized>
         <run_address>0x200011bc</run_address>
         <size>0x28</size>
         <input_file_ref idref="fl-c"/>
      </object_component>
      <object_component id="oc-493">
         <name>.bss:med_filter_tmp</name>
         <uninitialized>true</uninitialized>
         <run_address>0x20000ff4</run_address>
         <size>0xb0</size>
         <input_file_ref idref="fl-6"/>
      </object_component>
      <object_component id="oc-126">
         <name>.common:rx_data</name>
         <uninitialized>true</uninitialized>
         <run_address>0x20001208</run_address>
         <size>0x18</size>
      </object_component>
      <object_component id="oc-ff">
         <name>.common:data_to_send</name>
         <uninitialized>true</uninitialized>
         <run_address>0x20001220</run_address>
         <size>0x14</size>
      </object_component>
      <object_component id="oc-127">
         <name>.common:receive_count</name>
         <uninitialized>true</uninitialized>
         <run_address>0x2000153c</run_address>
         <size>0x1</size>
      </object_component>
      <object_component id="oc-162">
         <name>.common:height_ready</name>
         <uninitialized>true</uninitialized>
         <run_address>0x20001537</run_address>
         <size>0x1</size>
      </object_component>
      <object_component id="oc-164">
         <name>.common:height_control</name>
         <uninitialized>true</uninitialized>
         <run_address>0x20001536</run_address>
         <size>0x1</size>
      </object_component>
      <object_component id="oc-393">
         <name>.common:game_count</name>
         <uninitialized>true</uninitialized>
         <run_address>0x20001534</run_address>
         <size>0x1</size>
      </object_component>
      <object_component id="oc-169">
         <name>.common:error_flag1</name>
         <uninitialized>true</uninitialized>
         <run_address>0x2000152f</run_address>
         <size>0x1</size>
      </object_component>
      <object_component id="oc-166">
         <name>.common:game_time_1</name>
         <uninitialized>true</uninitialized>
         <run_address>0x20001535</run_address>
         <size>0x1</size>
      </object_component>
      <object_component id="oc-491">
         <name>.common:med_fil_cnt</name>
         <uninitialized>true</uninitialized>
         <run_address>0x20001484</run_address>
         <size>0x4</size>
      </object_component>
      <object_component id="oc-1ab">
         <name>.common:ACC_OFFSET_X</name>
         <uninitialized>true</uninitialized>
         <run_address>0x20001254</run_address>
         <size>0x4</size>
      </object_component>
      <object_component id="oc-1aa">
         <name>.common:ACC_OFFSET_Y</name>
         <uninitialized>true</uninitialized>
         <run_address>0x20001258</run_address>
         <size>0x4</size>
      </object_component>
      <object_component id="oc-2bd">
         <name>.common:ACC_OFFSET_Z</name>
         <uninitialized>true</uninitialized>
         <run_address>0x2000125c</run_address>
         <size>0x4</size>
      </object_component>
      <object_component id="oc-27d">
         <name>.common:GYRO_OFFSET_X</name>
         <uninitialized>true</uninitialized>
         <run_address>0x2000128c</run_address>
         <size>0x4</size>
      </object_component>
      <object_component id="oc-27e">
         <name>.common:GYRO_OFFSET_Y</name>
         <uninitialized>true</uninitialized>
         <run_address>0x20001290</run_address>
         <size>0x4</size>
      </object_component>
      <object_component id="oc-27f">
         <name>.common:GYRO_OFFSET_Z</name>
         <uninitialized>true</uninitialized>
         <run_address>0x20001294</run_address>
         <size>0x4</size>
      </object_component>
      <object_component id="oc-280">
         <name>.common:MPU6050_ACC_LAST_X</name>
         <uninitialized>true</uninitialized>
         <run_address>0x200012a4</run_address>
         <size>0x4</size>
      </object_component>
      <object_component id="oc-281">
         <name>.common:MPU6050_ACC_LAST_Y</name>
         <uninitialized>true</uninitialized>
         <run_address>0x200012a8</run_address>
         <size>0x4</size>
      </object_component>
      <object_component id="oc-282">
         <name>.common:MPU6050_ACC_LAST_Z</name>
         <uninitialized>true</uninitialized>
         <run_address>0x200012ac</run_address>
         <size>0x4</size>
      </object_component>
      <object_component id="oc-325">
         <name>.common:MPU6050_GYRO_LAST_X</name>
         <uninitialized>true</uninitialized>
         <run_address>0x200012b0</run_address>
         <size>0x4</size>
      </object_component>
      <object_component id="oc-329">
         <name>.common:MPU6050_GYRO_LAST_Y</name>
         <uninitialized>true</uninitialized>
         <run_address>0x200012b4</run_address>
         <size>0x4</size>
      </object_component>
      <object_component id="oc-32d">
         <name>.common:MPU6050_GYRO_LAST_Z</name>
         <uninitialized>true</uninitialized>
         <run_address>0x200012b8</run_address>
         <size>0x4</size>
      </object_component>
      <object_component id="oc-2c8">
         <name>.common:ACC_AVG_X</name>
         <uninitialized>true</uninitialized>
         <run_address>0x20001248</run_address>
         <size>0x4</size>
      </object_component>
      <object_component id="oc-2c9">
         <name>.common:ACC_AVG_Y</name>
         <uninitialized>true</uninitialized>
         <run_address>0x2000124c</run_address>
         <size>0x4</size>
      </object_component>
      <object_component id="oc-2bc">
         <name>.common:ACC_AVG_Z</name>
         <uninitialized>true</uninitialized>
         <run_address>0x20001250</run_address>
         <size>0x4</size>
      </object_component>
      <object_component id="oc-296">
         <name>.common:GYRO_AVG_X</name>
         <uninitialized>true</uninitialized>
         <run_address>0x2000127c</run_address>
         <size>0x4</size>
      </object_component>
      <object_component id="oc-297">
         <name>.common:GYRO_AVG_Y</name>
         <uninitialized>true</uninitialized>
         <run_address>0x20001280</run_address>
         <size>0x4</size>
      </object_component>
      <object_component id="oc-298">
         <name>.common:GYRO_AVG_Z</name>
         <uninitialized>true</uninitialized>
         <run_address>0x20001284</run_address>
         <size>0x4</size>
      </object_component>
      <object_component id="oc-3d3">
         <name>.common:GYRO_I_Z</name>
         <uninitialized>true</uninitialized>
         <run_address>0x20001288</run_address>
         <size>0x4</size>
      </object_component>
      <object_component id="oc-1b2">
         <name>.common:_time_flag_1</name>
         <uninitialized>true</uninitialized>
         <run_address>0x2000152c</run_address>
         <size>0x1</size>
      </object_component>
      <object_component id="oc-2b8">
         <name>.common:check_end</name>
         <uninitialized>true</uninitialized>
         <run_address>0x20001314</run_address>
         <size>0x4</size>
      </object_component>
      <object_component id="oc-1ad">
         <name>.common:check_aspeed_end</name>
         <uninitialized>true</uninitialized>
         <run_address>0x20001310</run_address>
         <size>0x4</size>
      </object_component>
      <object_component id="oc-19a">
         <name>.common:offset_gyro_z</name>
         <uninitialized>true</uninitialized>
         <run_address>0x200014c4</run_address>
         <size>0x4</size>
      </object_component>
      <object_component id="oc-19c">
         <name>.common:offset_gyro_y</name>
         <uninitialized>true</uninitialized>
         <run_address>0x200014c0</run_address>
         <size>0x4</size>
      </object_component>
      <object_component id="oc-19e">
         <name>.common:offset_gyro_x</name>
         <uninitialized>true</uninitialized>
         <run_address>0x200014bc</run_address>
         <size>0x4</size>
      </object_component>
      <object_component id="oc-1a0">
         <name>.common:offset_acc_z</name>
         <uninitialized>true</uninitialized>
         <run_address>0x200014a0</run_address>
         <size>0x4</size>
      </object_component>
      <object_component id="oc-1a2">
         <name>.common:offset_acc_y</name>
         <uninitialized>true</uninitialized>
         <run_address>0x2000149c</run_address>
         <size>0x4</size>
      </object_component>
      <object_component id="oc-1a4">
         <name>.common:offset_acc_x</name>
         <uninitialized>true</uninitialized>
         <run_address>0x20001498</run_address>
         <size>0x4</size>
      </object_component>
      <object_component id="oc-2ad">
         <name>.common:G</name>
         <uninitialized>true</uninitialized>
         <run_address>0x20001278</run_address>
         <size>0x4</size>
      </object_component>
      <object_component id="oc-3f3">
         <name>.common:Q_ANGLE_X</name>
         <uninitialized>true</uninitialized>
         <run_address>0x200012ec</run_address>
         <size>0x4</size>
      </object_component>
      <object_component id="oc-3f4">
         <name>.common:Q_ANGLE_Y</name>
         <uninitialized>true</uninitialized>
         <run_address>0x200012f4</run_address>
         <size>0x4</size>
      </object_component>
      <object_component id="oc-319">
         <name>.common:Q_ANGLE_Z</name>
         <uninitialized>true</uninitialized>
         <run_address>0x200012fc</run_address>
         <size>0x4</size>
      </object_component>
      <object_component id="oc-2bf">
         <name>.common:Q_ANGLE_Xr</name>
         <uninitialized>true</uninitialized>
         <run_address>0x200012f0</run_address>
         <size>0x4</size>
      </object_component>
      <object_component id="oc-2c0">
         <name>.common:Q_ANGLE_Yr</name>
         <uninitialized>true</uninitialized>
         <run_address>0x200012f8</run_address>
         <size>0x4</size>
      </object_component>
      <object_component id="oc-2b9">
         <name>.common:Gx</name>
         <uninitialized>true</uninitialized>
         <run_address>0x20001298</run_address>
         <size>0x4</size>
      </object_component>
      <object_component id="oc-2ba">
         <name>.common:Gy</name>
         <uninitialized>true</uninitialized>
         <run_address>0x2000129c</run_address>
         <size>0x4</size>
      </object_component>
      <object_component id="oc-2bb">
         <name>.common:Gz</name>
         <uninitialized>true</uninitialized>
         <run_address>0x200012a0</run_address>
         <size>0x4</size>
      </object_component>
      <object_component id="oc-3d5">
         <name>.common:Az</name>
         <uninitialized>true</uninitialized>
         <run_address>0x20001260</run_address>
         <size>0x4</size>
      </object_component>
      <object_component id="oc-473">
         <name>.common:led_flag</name>
         <uninitialized>true</uninitialized>
         <run_address>0x20001538</run_address>
         <size>0x1</size>
      </object_component>
      <object_component id="oc-46e">
         <name>.common:vx</name>
         <uninitialized>true</uninitialized>
         <run_address>0x2000153e</run_address>
         <size>0x1</size>
      </object_component>
      <object_component id="oc-470">
         <name>.common:vy</name>
         <uninitialized>true</uninitialized>
         <run_address>0x20001541</run_address>
         <size>0x1</size>
      </object_component>
      <object_component id="oc-461">
         <name>.common:vx_temp</name>
         <uninitialized>true</uninitialized>
         <run_address>0x20001540</run_address>
         <size>0x1</size>
      </object_component>
      <object_component id="oc-463">
         <name>.common:vy_temp</name>
         <uninitialized>true</uninitialized>
         <run_address>0x20001543</run_address>
         <size>0x1</size>
      </object_component>
      <object_component id="oc-45f">
         <name>.common:flow_count</name>
         <uninitialized>true</uninitialized>
         <run_address>0x20001530</run_address>
         <size>0x1</size>
      </object_component>
      <object_component id="oc-47b">
         <name>.common:img</name>
         <uninitialized>true</uninitialized>
         <run_address>0x20001240</run_address>
         <size>0x8</size>
      </object_component>
      <object_component id="oc-472">
         <name>.common:camera_count</name>
         <uninitialized>true</uninitialized>
         <run_address>0x2000152d</run_address>
         <size>0x1</size>
      </object_component>
      <object_component id="oc-465">
         <name>.common:flow_flag</name>
         <uninitialized>true</uninitialized>
         <run_address>0x20001531</run_address>
         <size>0x1</size>
      </object_component>
      <object_component id="oc-464">
         <name>.common:flow_data</name>
         <uninitialized>true</uninitialized>
         <run_address>0x20001234</run_address>
         <size>0xc</size>
      </object_component>
      <object_component id="oc-474">
         <name>.common:X1</name>
         <uninitialized>true</uninitialized>
         <run_address>0x20001528</run_address>
         <size>0x1</size>
      </object_component>
      <object_component id="oc-476">
         <name>.common:Y1</name>
         <uninitialized>true</uninitialized>
         <run_address>0x2000152a</run_address>
         <size>0x1</size>
      </object_component>
      <object_component id="oc-478">
         <name>.common:X2</name>
         <uninitialized>true</uninitialized>
         <run_address>0x20001529</run_address>
         <size>0x1</size>
      </object_component>
      <object_component id="oc-47a">
         <name>.common:Y2</name>
         <uninitialized>true</uninitialized>
         <run_address>0x2000152b</run_address>
         <size>0x1</size>
      </object_component>
      <object_component id="oc-468">
         <name>.common:flow_vx_num</name>
         <uninitialized>true</uninitialized>
         <run_address>0x20001532</run_address>
         <size>0x1</size>
      </object_component>
      <object_component id="oc-46d">
         <name>.common:vx_his</name>
         <uninitialized>true</uninitialized>
         <run_address>0x2000153f</run_address>
         <size>0x1</size>
      </object_component>
      <object_component id="oc-46f">
         <name>.common:vy_his</name>
         <uninitialized>true</uninitialized>
         <run_address>0x20001542</run_address>
         <size>0x1</size>
      </object_component>
      <object_component id="oc-338">
         <name>.common:T</name>
         <uninitialized>true</uninitialized>
         <run_address>0x20001300</run_address>
         <size>0x4</size>
      </object_component>
      <object_component id="oc-3eb">
         <name>.common:motor_1</name>
         <uninitialized>true</uninitialized>
         <run_address>0x20001488</run_address>
         <size>0x4</size>
      </object_component>
      <object_component id="oc-3ec">
         <name>.common:motor_2</name>
         <uninitialized>true</uninitialized>
         <run_address>0x2000148c</run_address>
         <size>0x4</size>
      </object_component>
      <object_component id="oc-3d6">
         <name>.common:motor_3</name>
         <uninitialized>true</uninitialized>
         <run_address>0x20001490</run_address>
         <size>0x4</size>
      </object_component>
      <object_component id="oc-3e1">
         <name>.common:motor_4</name>
         <uninitialized>true</uninitialized>
         <run_address>0x20001494</run_address>
         <size>0x4</size>
      </object_component>
      <object_component id="oc-318">
         <name>.common:error_angle_x</name>
         <uninitialized>true</uninitialized>
         <run_address>0x2000136c</run_address>
         <size>0x4</size>
      </object_component>
      <object_component id="oc-31e">
         <name>.common:error_angle_y</name>
         <uninitialized>true</uninitialized>
         <run_address>0x20001370</run_address>
         <size>0x4</size>
      </object_component>
      <object_component id="oc-31f">
         <name>.common:error_angle_z</name>
         <uninitialized>true</uninitialized>
         <run_address>0x20001374</run_address>
         <size>0x4</size>
      </object_component>
      <object_component id="oc-3b1">
         <name>.common:except_angle_x</name>
         <uninitialized>true</uninitialized>
         <run_address>0x20001390</run_address>
         <size>0x4</size>
      </object_component>
      <object_component id="oc-3b3">
         <name>.common:except_angle_y</name>
         <uninitialized>true</uninitialized>
         <run_address>0x20001394</run_address>
         <size>0x4</size>
      </object_component>
      <object_component id="oc-3db">
         <name>.common:except_angle_z</name>
         <uninitialized>true</uninitialized>
         <run_address>0x20001398</run_address>
         <size>0x4</size>
      </object_component>
      <object_component id="oc-399">
         <name>.common:offset_angle_x</name>
         <uninitialized>true</uninitialized>
         <run_address>0x200014a4</run_address>
         <size>0x4</size>
      </object_component>
      <object_component id="oc-394">
         <name>.common:offset_angle_y</name>
         <uninitialized>true</uninitialized>
         <run_address>0x200014a8</run_address>
         <size>0x4</size>
      </object_component>
      <object_component id="oc-2fe">
         <name>.common:offset_angle_z</name>
         <uninitialized>true</uninitialized>
         <run_address>0x200014ac</run_address>
         <size>0x4</size>
      </object_component>
      <object_component id="oc-3e4">
         <name>.common:i_error_angle_x</name>
         <uninitialized>true</uninitialized>
         <run_address>0x200013cc</run_address>
         <size>0x4</size>
      </object_component>
      <object_component id="oc-3e5">
         <name>.common:i_error_angle_y</name>
         <uninitialized>true</uninitialized>
         <run_address>0x200013d8</run_address>
         <size>0x4</size>
      </object_component>
      <object_component id="oc-303">
         <name>.common:i_error_angle_z</name>
         <uninitialized>true</uninitialized>
         <run_address>0x200013e4</run_address>
         <size>0x4</size>
      </object_component>
      <object_component id="oc-2f1">
         <name>.common:i_error_angle_x_max</name>
         <uninitialized>true</uninitialized>
         <run_address>0x200013d0</run_address>
         <size>0x4</size>
      </object_component>
      <object_component id="oc-321">
         <name>.common:i_error_angle_y_max</name>
         <uninitialized>true</uninitialized>
         <run_address>0x200013dc</run_address>
         <size>0x4</size>
      </object_component>
      <object_component id="oc-31b">
         <name>.common:i_error_angle_z_max</name>
         <uninitialized>true</uninitialized>
         <run_address>0x200013e8</run_address>
         <size>0x4</size>
      </object_component>
      <object_component id="oc-2f3">
         <name>.common:i_error_angle_x_min</name>
         <uninitialized>true</uninitialized>
         <run_address>0x200013d4</run_address>
         <size>0x4</size>
      </object_component>
      <object_component id="oc-320">
         <name>.common:i_error_angle_y_min</name>
         <uninitialized>true</uninitialized>
         <run_address>0x200013e0</run_address>
         <size>0x4</size>
      </object_component>
      <object_component id="oc-31c">
         <name>.common:i_error_angle_z_min</name>
         <uninitialized>true</uninitialized>
         <run_address>0x200013ec</run_address>
         <size>0x4</size>
      </object_component>
      <object_component id="oc-304">
         <name>.common:d_error_angle_x</name>
         <uninitialized>true</uninitialized>
         <run_address>0x2000133c</run_address>
         <size>0x4</size>
      </object_component>
      <object_component id="oc-306">
         <name>.common:d_error_angle_y</name>
         <uninitialized>true</uninitialized>
         <run_address>0x20001340</run_address>
         <size>0x4</size>
      </object_component>
      <object_component id="oc-308">
         <name>.common:d_error_angle_z</name>
         <uninitialized>true</uninitialized>
         <run_address>0x20001344</run_address>
         <size>0x4</size>
      </object_component>
      <object_component id="oc-3c6">
         <name>.common:control_1_x</name>
         <uninitialized>true</uninitialized>
         <run_address>0x20001318</run_address>
         <size>0x4</size>
      </object_component>
      <object_component id="oc-3c7">
         <name>.common:control_1_y</name>
         <uninitialized>true</uninitialized>
         <run_address>0x2000131c</run_address>
         <size>0x4</size>
      </object_component>
      <object_component id="oc-3c8">
         <name>.common:control_1_z</name>
         <uninitialized>true</uninitialized>
         <run_address>0x20001320</run_address>
         <size>0x4</size>
      </object_component>
      <object_component id="oc-305">
         <name>.common:old_error_angle_x</name>
         <uninitialized>true</uninitialized>
         <run_address>0x200014d0</run_address>
         <size>0x4</size>
      </object_component>
      <object_component id="oc-307">
         <name>.common:old_error_angle_y</name>
         <uninitialized>true</uninitialized>
         <run_address>0x200014d4</run_address>
         <size>0x4</size>
      </object_component>
      <object_component id="oc-309">
         <name>.common:old_error_angle_z</name>
         <uninitialized>true</uninitialized>
         <run_address>0x200014d8</run_address>
         <size>0x4</size>
      </object_component>
      <object_component id="oc-310">
         <name>.common:kp_angle_x</name>
         <uninitialized>true</uninitialized>
         <run_address>0x20001464</run_address>
         <size>0x4</size>
      </object_component>
      <object_component id="oc-30f">
         <name>.common:ki_angle_x</name>
         <uninitialized>true</uninitialized>
         <run_address>0x20001440</run_address>
         <size>0x4</size>
      </object_component>
      <object_component id="oc-311">
         <name>.common:kd_angle_x</name>
         <uninitialized>true</uninitialized>
         <run_address>0x20001420</run_address>
         <size>0x4</size>
      </object_component>
      <object_component id="oc-313">
         <name>.common:kp_angle_y</name>
         <uninitialized>true</uninitialized>
         <run_address>0x20001468</run_address>
         <size>0x4</size>
      </object_component>
      <object_component id="oc-312">
         <name>.common:ki_angle_y</name>
         <uninitialized>true</uninitialized>
         <run_address>0x20001444</run_address>
         <size>0x4</size>
      </object_component>
      <object_component id="oc-314">
         <name>.common:kd_angle_y</name>
         <uninitialized>true</uninitialized>
         <run_address>0x20001424</run_address>
         <size>0x4</size>
      </object_component>
      <object_component id="oc-316">
         <name>.common:kp_angle_z</name>
         <uninitialized>true</uninitialized>
         <run_address>0x2000146c</run_address>
         <size>0x4</size>
      </object_component>
      <object_component id="oc-315">
         <name>.common:ki_angle_z</name>
         <uninitialized>true</uninitialized>
         <run_address>0x20001448</run_address>
         <size>0x4</size>
      </object_component>
      <object_component id="oc-317">
         <name>.common:kd_angle_z</name>
         <uninitialized>true</uninitialized>
         <run_address>0x20001428</run_address>
         <size>0x4</size>
      </object_component>
      <object_component id="oc-322">
         <name>.common:error_aspeed_x</name>
         <uninitialized>true</uninitialized>
         <run_address>0x20001378</run_address>
         <size>0x4</size>
      </object_component>
      <object_component id="oc-326">
         <name>.common:error_aspeed_y</name>
         <uninitialized>true</uninitialized>
         <run_address>0x2000137c</run_address>
         <size>0x4</size>
      </object_component>
      <object_component id="oc-32a">
         <name>.common:error_aspeed_z</name>
         <uninitialized>true</uninitialized>
         <run_address>0x20001380</run_address>
         <size>0x4</size>
      </object_component>
      <object_component id="oc-324">
         <name>.common:except_aspeed_x</name>
         <uninitialized>true</uninitialized>
         <run_address>0x2000139c</run_address>
         <size>0x4</size>
      </object_component>
      <object_component id="oc-328">
         <name>.common:except_aspeed_y</name>
         <uninitialized>true</uninitialized>
         <run_address>0x200013a0</run_address>
         <size>0x4</size>
      </object_component>
      <object_component id="oc-3b5">
         <name>.common:except_aspeed_z</name>
         <uninitialized>true</uninitialized>
         <run_address>0x200013a4</run_address>
         <size>0x4</size>
      </object_component>
      <object_component id="oc-323">
         <name>.common:offset_aspeed_x</name>
         <uninitialized>true</uninitialized>
         <run_address>0x200014b0</run_address>
         <size>0x4</size>
      </object_component>
      <object_component id="oc-327">
         <name>.common:offset_aspeed_y</name>
         <uninitialized>true</uninitialized>
         <run_address>0x200014b4</run_address>
         <size>0x4</size>
      </object_component>
      <object_component id="oc-32b">
         <name>.common:offset_aspeed_z</name>
         <uninitialized>true</uninitialized>
         <run_address>0x200014b8</run_address>
         <size>0x4</size>
      </object_component>
      <object_component id="oc-3e2">
         <name>.common:i_error_aspeed_x</name>
         <uninitialized>true</uninitialized>
         <run_address>0x200013f0</run_address>
         <size>0x4</size>
      </object_component>
      <object_component id="oc-3e3">
         <name>.common:i_error_aspeed_y</name>
         <uninitialized>true</uninitialized>
         <run_address>0x200013fc</run_address>
         <size>0x4</size>
      </object_component>
      <object_component id="oc-3d7">
         <name>.common:i_error_aspeed_z</name>
         <uninitialized>true</uninitialized>
         <run_address>0x20001408</run_address>
         <size>0x4</size>
      </object_component>
      <object_component id="oc-332">
         <name>.common:i_error_aspeed_x_max</name>
         <uninitialized>true</uninitialized>
         <run_address>0x200013f4</run_address>
         <size>0x4</size>
      </object_component>
      <object_component id="oc-334">
         <name>.common:i_error_aspeed_y_max</name>
         <uninitialized>true</uninitialized>
         <run_address>0x20001400</run_address>
         <size>0x4</size>
      </object_component>
      <object_component id="oc-336">
         <name>.common:i_error_aspeed_z_max</name>
         <uninitialized>true</uninitialized>
         <run_address>0x2000140c</run_address>
         <size>0x4</size>
      </object_component>
      <object_component id="oc-333">
         <name>.common:i_error_aspeed_x_min</name>
         <uninitialized>true</uninitialized>
         <run_address>0x200013f8</run_address>
         <size>0x4</size>
      </object_component>
      <object_component id="oc-335">
         <name>.common:i_error_aspeed_y_min</name>
         <uninitialized>true</uninitialized>
         <run_address>0x20001404</run_address>
         <size>0x4</size>
      </object_component>
      <object_component id="oc-337">
         <name>.common:i_error_aspeed_z_min</name>
         <uninitialized>true</uninitialized>
         <run_address>0x20001410</run_address>
         <size>0x4</size>
      </object_component>
      <object_component id="oc-339">
         <name>.common:d_error_aspeed_x</name>
         <uninitialized>true</uninitialized>
         <run_address>0x20001348</run_address>
         <size>0x4</size>
      </object_component>
      <object_component id="oc-33b">
         <name>.common:d_error_aspeed_y</name>
         <uninitialized>true</uninitialized>
         <run_address>0x2000134c</run_address>
         <size>0x4</size>
      </object_component>
      <object_component id="oc-33c">
         <name>.common:d_error_aspeed_z</name>
         <uninitialized>true</uninitialized>
         <run_address>0x20001350</run_address>
         <size>0x4</size>
      </object_component>
      <object_component id="oc-3c9">
         <name>.common:control_2_x</name>
         <uninitialized>true</uninitialized>
         <run_address>0x20001324</run_address>
         <size>0x4</size>
      </object_component>
      <object_component id="oc-3ca">
         <name>.common:control_2_y</name>
         <uninitialized>true</uninitialized>
         <run_address>0x20001328</run_address>
         <size>0x4</size>
      </object_component>
      <object_component id="oc-3cb">
         <name>.common:control_2_z</name>
         <uninitialized>true</uninitialized>
         <run_address>0x2000132c</run_address>
         <size>0x4</size>
      </object_component>
      <object_component id="oc-331">
         <name>.common:old_error_aspeed_x</name>
         <uninitialized>true</uninitialized>
[...]
      </symbol>
      <symbol id="sm-7e4">
         <name>US_100_trig</name>
         <value>0x6529</value>
         <object_component_ref idref="oc-15b"/>
      </symbol>
      <symbol id="sm-7f9">
         <name>pwm_init</name>
         <value>0x6d8d</value>
         <object_component_ref idref="oc-178"/>
      </symbol>
      <symbol id="sm-814">
         <name>SLAVE_ADDRESS</name>
         <value>0x20001527</value>
      </symbol>
      <symbol id="sm-815">
         <name>i2c_read</name>
         <value>0x66fd</value>
         <object_component_ref idref="oc-173"/>
      </symbol>
      <symbol id="sm-816">
         <name>i2c_init</name>
         <value>0x6651</value>
         <object_component_ref idref="oc-173"/>
      </symbol>
      <symbol id="sm-817">
         <name>Get16Bit</name>
         <value>0x6753</value>
         <object_component_ref idref="oc-173"/>
      </symbol>
      <symbol id="sm-818">
         <name>i2c_write</name>
         <value>0x6699</value>
         <object_component_ref idref="oc-173"/>
      </symbol>
      <symbol id="sm-8ab">
         <name>UARTCharPutNonBlocking</name>
         <value>0x7d27</value>
         <object_component_ref idref="oc-3ee"/>
      </symbol>
      <symbol id="sm-8ac">
         <name>UARTConfigSetExpClk</name>
         <value>0x78d9</value>
         <object_component_ref idref="oc-84"/>
      </symbol>
      <symbol id="sm-8ad">
         <name>UARTDisable</name>
         <value>0x7b95</value>
         <object_component_ref idref="oc-23c"/>
      </symbol>
      <symbol id="sm-8ae">
         <name>UARTIntEnable</name>
         <value>0x7ddb</value>
         <object_component_ref idref="oc-98"/>
      </symbol>
      <symbol id="sm-8af">
         <name>UARTCharsAvail</name>
         <value>0x7d5b</value>
         <object_component_ref idref="oc-10f"/>
      </symbol>
      <symbol id="sm-8b0">
         <name>UARTCharGetNonBlocking</name>
         <value>0x7d19</value>
         <object_component_ref idref="oc-10a"/>
      </symbol>
      <symbol id="sm-8b1">
         <name>UARTCharPut</name>
         <value>0x7da5</value>
         <object_component_ref idref="oc-d0"/>
      </symbol>
      <symbol id="sm-8b2">
         <name>UARTEnable</name>
         <value>0x7c0d</value>
         <object_component_ref idref="oc-241"/>
      </symbol>
      <symbol id="sm-8b3">
         <name>UARTFIFOEnable</name>
         <value>0x7daf</value>
         <object_component_ref idref="oc-44a"/>
      </symbol>
      <symbol id="sm-8b4">
         <name>UARTIntClear</name>
         <value>0x7e0b</value>
         <object_component_ref idref="oc-105"/>
      </symbol>
      <symbol id="sm-8b5">
         <name>UARTIntStatus</name>
         <value>0x7db9</value>
         <object_component_ref idref="oc-100"/>
      </symbol>
      <symbol id="sm-8b6">
         <name>UARTFIFOLevelSet</name>
         <value>0x7def</value>
         <object_component_ref idref="oc-89"/>
      </symbol>
      <symbol id="sm-8b7">
         <name>UARTIntRegister</name>
         <value>0x7bc9</value>
         <object_component_ref idref="oc-44f"/>
      </symbol>
      <symbol id="sm-908">
         <name>TimerLoadSet</name>
         <value>0x7cc5</value>
         <object_component_ref idref="oc-138"/>
      </symbol>
      <symbol id="sm-909">
         <name>TimerPrescaleGet</name>
         <value>0x7d91</value>
         <object_component_ref idref="oc-1c9"/>
      </symbol>
      <symbol id="sm-90a">
         <name>TimerEnable</name>
         <value>0x7d0b</value>
         <object_component_ref idref="oc-142"/>
      </symbol>
      <symbol id="sm-90b">
         <name>TimerIntDisable</name>
         <value>0x7d87</value>
         <object_component_ref idref="oc-18c"/>
      </symbol>
      <symbol id="sm-90c">
         <name>TimerValueGet</name>
         <value>0x7d9b</value>
         <object_component_ref idref="oc-1ce"/>
      </symbol>
      <symbol id="sm-90d">
         <name>TimerPrescaleSet</name>
         <value>0x7cd7</value>
         <object_component_ref idref="oc-1b4"/>
      </symbol>
      <symbol id="sm-90e">
         <name>TimerIntEnable</name>
         <value>0x7dd3</value>
         <object_component_ref idref="oc-13d"/>
      </symbol>
      <symbol id="sm-90f">
         <name>TimerConfigure</name>
         <value>0x768d</value>
         <object_component_ref idref="oc-133"/>
      </symbol>
      <symbol id="sm-910">
         <name>TimerControlEvent</name>
         <value>0x7cb3</value>
         <object_component_ref idref="oc-1c4"/>
      </symbol>
      <symbol id="sm-911">
         <name>TimerIntClear</name>
         <value>0x7e07</value>
         <object_component_ref idref="oc-147"/>
      </symbol>
      <symbol id="sm-966">
         <name>SysCtlClockSet</name>
         <value>0x6fb1</value>
         <object_component_ref idref="oc-16e"/>
      </symbol>
      <symbol id="sm-967">
         <name>SysCtlDelay</name>
         <value>0x7de9</value>
         <object_component_ref idref="oc-1b9"/>
      </symbol>
      <symbol id="sm-968">
         <name>SysCtlPeripheralEnable</name>
         <value>0x7a05</value>
         <object_component_ref idref="oc-70"/>
      </symbol>
      <symbol id="sm-969">
         <name>SysCtlClockGet</name>
         <value>0x71b1</value>
         <object_component_ref idref="oc-7f"/>
      </symbol>
      <symbol id="sm-96a">
         <name>SysCtlPWMClockSet</name>
         <value>0x7bf9</value>
         <object_component_ref idref="oc-42b"/>
      </symbol>
      <symbol id="sm-993">
         <name>PWMGenPeriodSet</name>
         <value>0x7cfb</value>
         <object_component_ref idref="oc-43a"/>
      </symbol>
      <symbol id="sm-994">
         <name>PWMPulseWidthSet</name>
         <value>0x7b75</value>
         <object_component_ref idref="oc-3ce"/>
      </symbol>
      <symbol id="sm-995">
         <name>PWMOutputState</name>
         <value>0x7ca1</value>
         <object_component_ref idref="oc-444"/>
      </symbol>
      <symbol id="sm-996">
         <name>PWMGenEnable</name>
         <value>0x7d4f</value>
         <object_component_ref idref="oc-43f"/>
      </symbol>
      <symbol id="sm-997">
         <name>PWMGenConfigure</name>
         <value>0x7b53</value>
         <object_component_ref idref="oc-435"/>
      </symbol>
      <symbol id="sm-9d4">
         <name>IntEnable</name>
         <value>0x75cd</value>
         <object_component_ref idref="oc-93"/>
      </symbol>
      <symbol id="sm-9d5">
         <name>IntRegister</name>
         <value>0x79d1</value>
         <object_component_ref idref="oc-51c"/>
      </symbol>
      <symbol id="sm-9d6">
         <name>g_pfnRAMVectors</name>
         <value>0x20000000</value>
         <object_component_ref idref="oc-570"/>
      </symbol>
      <symbol id="sm-9d7">
         <name>IntMasterEnable</name>
         <value>0x7d7d</value>
         <object_component_ref idref="oc-8e"/>
      </symbol>
      <symbol id="sm-a11">
         <name>I2CMasterDataPut</name>
         <value>0x7e03</value>
         <object_component_ref idref="oc-415"/>
      </symbol>
      <symbol id="sm-a12">
         <name>I2CMasterInitExpClk</name>
         <value>0x777d</value>
         <object_component_ref idref="oc-406"/>
      </symbol>
      <symbol id="sm-a13">
         <name>I2CMasterSlaveAddrSet</name>
         <value>0x7dcb</value>
         <object_component_ref idref="oc-410"/>
      </symbol>
      <symbol id="sm-a14">
         <name>I2CMasterDataGet</name>
         <value>0x7dff</value>
         <object_component_ref idref="oc-424"/>
      </symbol>
      <symbol id="sm-a15">
         <name>I2CMasterControl</name>
         <value>0x7dfb</value>
         <object_component_ref idref="oc-41a"/>
      </symbol>
      <symbol id="sm-a16">
         <name>I2CMasterBusy</name>
         <value>0x7dc3</value>
         <object_component_ref idref="oc-41f"/>
      </symbol>
      <symbol id="sm-a17">
         <name>I2CMasterEnable</name>
         <value>0x7d73</value>
         <object_component_ref idref="oc-40b"/>
      </symbol>
      <symbol id="sm-a7b">
         <name>GPIOPinTypePWM</name>
         <value>0x7c6b</value>
         <object_component_ref idref="oc-430"/>
      </symbol>
      <symbol id="sm-a7c">
         <name>GPIOPinConfigure</name>
         <value>0x7735</value>
         <object_component_ref idref="oc-75"/>
      </symbol>
      <symbol id="sm-a7d">
         <name>GPIOPinTypeI2CSCL</name>
         <value>0x7c59</value>
         <object_component_ref idref="oc-3fc"/>
      </symbol>
      <symbol id="sm-a7e">
         <name>GPIOPinTypeI2C</name>
         <value>0x7c47</value>
         <object_component_ref idref="oc-401"/>
      </symbol>
      <symbol id="sm-a7f">
         <name>GPIOPinTypeGPIOInput</name>
         <value>0x7c35</value>
         <object_component_ref idref="oc-1ba"/>
      </symbol>
      <symbol id="sm-a80">
         <name>GPIOPinTypeUART</name>
         <value>0x7c8f</value>
         <object_component_ref idref="oc-7a"/>
      </symbol>
      <symbol id="sm-a81">
         <name>GPIOPinTypeGPIOOutput</name>
         <value>0x7bb1</value>
         <object_component_ref idref="oc-454"/>
      </symbol>
      <symbol id="sm-a82">
         <name>GPIODirModeSet</name>
         <value>0x7b29</value>
         <object_component_ref idref="oc-22e"/>
      </symbol>
      <symbol id="sm-a83">
         <name>GPIOPinWrite</name>
         <value>0x7de3</value>
         <object_component_ref idref="oc-459"/>
      </symbol>
      <symbol id="sm-a84">
         <name>GPIOPadConfigSet</name>
         <value>0x6a27</value>
         <object_component_ref idref="oc-233"/>
      </symbol>
      <symbol id="sm-a85">
         <name>GPIOPinTypeTimer</name>
         <value>0x7c7d</value>
         <object_component_ref idref="oc-1bf"/>
      </symbol>
      <symbol id="sm-a8e">
         <name>CPUcpsie</name>
         <value>0x7d43</value>
         <object_component_ref idref="oc-249"/>
      </symbol>
      <symbol id="sm-aa5">
         <name>asin</name>
         <value>0x6b59</value>
         <object_component_ref idref="oc-2b3"/>
      </symbol>
      <symbol id="sm-abd">
         <name>atan2</name>
         <value>0x6c75</value>
         <object_component_ref idref="oc-2ae"/>
      </symbol>
      <symbol id="sm-acc">
         <name>_c_int00</name>
         <value>0x77c5</value>
         <object_component_ref idref="oc-10"/>
      </symbol>
      <symbol id="sm-acd">
         <name>__stack</name>
         <value>0x2000026c</value>
         <object_component_ref idref="oc-23"/>
      </symbol>
      <symbol id="sm-ae3">
         <name>__TI_decompress_none</name>
         <value>0x7d35</value>
         <object_component_ref idref="oc-14"/>
      </symbol>
      <symbol id="sm-b05">
         <name>__TI_decompress_rle24</name>
         <value>0x7df5</value>
         <object_component_ref idref="oc-1e"/>
      </symbol>
      <symbol id="sm-b1d">
         <name>__TI_zero_init</name>
         <value>0x7ce9</value>
         <object_component_ref idref="oc-19"/>
      </symbol>
      <symbol id="sm-b39">
         <name>C$$EXIT</name>
         <value>0x7851</value>
         <object_component_ref idref="oc-49"/>
      </symbol>
      <symbol id="sm-b3a">
         <name>abort</name>
         <value>0x7855</value>
         <object_component_ref idref="oc-49"/>
      </symbol>
      <symbol id="sm-b3b">
         <name>exit</name>
         <value>0x785d</value>
         <object_component_ref idref="oc-49"/>
      </symbol>
      <symbol id="sm-b3c">
         <name>__TI_dtors_ptr</name>
         <value>0x20000fd8</value>
         <object_component_ref idref="oc-20b"/>
      </symbol>
      <symbol id="sm-b3d">
         <name>__TI_cleanup_ptr</name>
         <value>0x20000fd4</value>
         <object_component_ref idref="oc-20b"/>
      </symbol>
      <symbol id="sm-b53">
         <name>__aeabi_dsub</name>
         <value>0x61a5</value>
         <object_component_ref idref="oc-2a3"/>
      </symbol>
      <symbol id="sm-b54">
         <name>__aeabi_dadd</name>
         <value>0x61af</value>
         <object_component_ref idref="oc-2a3"/>
      </symbol>
      <symbol id="sm-b74">
         <name>__aeabi_cdcmpeq</name>
         <value>0x746d</value>
         <object_component_ref idref="oc-483"/>
      </symbol>
      <symbol id="sm-b75">
         <name>__aeabi_cdcmple</name>
         <value>0x746d</value>
         <object_component_ref idref="oc-483"/>
      </symbol>
      <symbol id="sm-b76">
         <name>__aeabi_cdrcmple</name>
         <value>0x74eb</value>
         <object_component_ref idref="oc-489"/>
      </symbol>
      <symbol id="sm-b89">
         <name>__aeabi_ddiv</name>
         <value>0x68f1</value>
         <object_component_ref idref="oc-4ea"/>
      </symbol>
      <symbol id="sm-b93">
         <name>__aeabi_dmul</name>
         <value>0x70b5</value>
         <object_component_ref idref="oc-29f"/>
      </symbol>
      <symbol id="sm-b9c">
         <name>__aeabi_d2f</name>
         <value>0x76e9</value>
         <object_component_ref idref="oc-2a7"/>
      </symbol>
      <symbol id="sm-ba6">
         <name>__aeabi_f2d</name>
         <value>0x7999</value>
         <object_component_ref idref="oc-29b"/>
      </symbol>
      <symbol id="sm-baf">
         <name>__aeabi_i2d</name>
         <value>0x7acd</value>
         <object_component_ref idref="oc-48d"/>
      </symbol>
      <symbol id="sm-bc9">
         <name>memcpy</name>
         <value>0x733d</value>
         <object_component_ref idref="oc-51"/>
      </symbol>
      <symbol id="sm-bca">
         <name>__aeabi_memcpy</name>
         <value>0x733d</value>
         <object_component_ref idref="oc-51"/>
      </symbol>
      <symbol id="sm-bcb">
         <name>__aeabi_memcpy8</name>
         <value>0x733d</value>
         <object_component_ref idref="oc-51"/>
      </symbol>
      <symbol id="sm-bcc">
         <name>__aeabi_memcpy4</name>
         <value>0x733d</value>
         <object_component_ref idref="oc-51"/>
      </symbol>
      <symbol id="sm-be2">
         <name>sqrt</name>
         <value>0x67a9</value>
         <object_component_ref idref="oc-4f5"/>
      </symbol>
      <symbol id="sm-be9">
         <name>main_func_sp</name>
         <value>0x20000fec</value>
         <object_component_ref idref="oc-4e"/>
      </symbol>
      <symbol id="sm-c09">
         <name>_Atan</name>
         <value>0x635d</value>
         <object_component_ref idref="oc-4ee"/>
      </symbol>
      <symbol id="sm-c23">
         <name>_Dscale</name>
         <value>0x6ea1</value>
         <object_component_ref idref="oc-550"/>
      </symbol>
      <symbol id="sm-c34">
         <name>_Dtest</name>
         <value>0x7895</value>
         <object_component_ref idref="oc-4e5"/>
      </symbol>
      <symbol id="sm-c47">
         <name>_Dunscale</name>
         <value>0x7569</value>
         <object_component_ref idref="oc-54b"/>
      </symbol>
      <symbol id="sm-c55">
         <name>_Feraise</name>
         <value>0x7a9d</value>
         <object_component_ref idref="oc-4fa"/>
      </symbol>
      <symbol id="sm-c64">
         <name>_Rteps</name>
         <value>0x20000f88</value>
         <object_component_ref idref="oc-4ff"/>
      </symbol>
      <symbol id="sm-c65">
         <name>_Zero</name>
         <value>0x20000fa0</value>
         <object_component_ref idref="oc-4ff"/>
      </symbol>
      <symbol id="sm-c66">
         <name>_Hugeval</name>
         <value>0x20000f48</value>
         <object_component_ref idref="oc-4ff"/>
      </symbol>
      <symbol id="sm-c67">
         <name>_Snan</name>
         <value>0x20000f78</value>
         <object_component_ref idref="oc-4ff"/>
      </symbol>
      <symbol id="sm-c68">
         <name>_Nan</name>
         <value>0x20000f68</value>
         <object_component_ref idref="oc-4ff"/>
      </symbol>
      <symbol id="sm-c69">
         <name>_Inf</name>
         <value>0x20000f58</value>
         <object_component_ref idref="oc-4ff"/>
      </symbol>
      <symbol id="sm-c6a">
         <name>_Xbig</name>
         <value>0x20000f98</value>
         <object_component_ref idref="oc-4ff"/>
      </symbol>
      <symbol id="sm-c6b">
         <name>_Eps</name>
         <value>0x20000f38</value>
         <object_component_ref idref="oc-4ff"/>
      </symbol>
      <symbol id="sm-c6c">
         <name>_Denorm</name>
         <value>0x20000f28</value>
         <object_component_ref idref="oc-4ff"/>
      </symbol>
      <symbol id="sm-c82">
         <name>_nop</name>
         <value>0x7c2f</value>
         <object_component_ref idref="oc-4ab"/>
      </symbol>
      <symbol id="sm-c83">
         <name>_lock</name>
         <value>0x20000fcc</value>
         <object_component_ref idref="oc-209"/>
      </symbol>
      <symbol id="sm-c84">
         <name>_unlock</name>
         <value>0x20000fd0</value>
         <object_component_ref idref="oc-209"/>
      </symbol>
      <symbol id="sm-c85">
         <name>_register_lock</name>
         <value>0x7c27</value>
         <object_component_ref idref="oc-4ab"/>
      </symbol>
      <symbol id="sm-c86">
         <name>_register_unlock</name>
         <value>0x7c21</value>
         <object_component_ref idref="oc-4ab"/>
      </symbol>
      <symbol id="sm-c99">
         <name>_args_main</name>
         <value>0x7be1</value>
         <object_component_ref idref="oc-44"/>
      </symbol>
      <symbol id="sm-cb5">
         <name>__TI_auto_init</name>
         <value>0x73d9</value>
         <object_component_ref idref="oc-40"/>
      </symbol>
      <symbol id="sm-ccd">
         <name>copy_in</name>
         <value>0x780d</value>
         <object_component_ref idref="oc-1fc"/>
      </symbol>
      <symbol id="sm-cd4">
         <name>_Errno</name>
         <value>0x20000f24</value>
         <object_component_ref idref="oc-55b"/>
      </symbol>
      <symbol id="sm-cef">
         <name>feraiseexcept</name>
         <value>0x7a39</value>
         <object_component_ref idref="oc-556"/>
      </symbol>
      <symbol id="sm-cf0">
         <name>_Tls_setup__Fenv</name>
         <value>0x20000fe0</value>
         <object_component_ref idref="oc-586"/>
      </symbol>
      <symbol id="sm-cf1">
         <name>_Fenv</name>
         <value>0x20000fdc</value>
         <object_component_ref idref="oc-586"/>
      </symbol>
      <symbol id="sm-d04">
         <name>raise</name>
         <value>0x7afb</value>
         <object_component_ref idref="oc-581"/>
      </symbol>
      <symbol id="sm-d1c">
         <name>signal</name>
         <value>0x7959</value>
         <object_component_ref idref="oc-599"/>
      </symbol>
      <symbol id="sm-d30">
         <name>_Dnorm</name>
         <value>0x7279</value>
         <object_component_ref idref="oc-578"/>
      </symbol>
      <symbol id="sm-d31">
         <name>__TI_static_base__</name>
         <value>0x0</value>
      </symbol>
      <symbol id="sm-d32">
         <name>__TI_args_main</name>
         <value>0x1</value>
      </symbol>
      <symbol id="sm-d33">
         <name>SHT$$INIT_ARRAY$$Limit</name>
         <value>0x0</value>
      </symbol>
      <symbol id="sm-d34">
         <name>SHT$$INIT_ARRAY$$Base</name>
         <value>0x0</value>
      </symbol>
   </symbol_table>
   <title>Link successful</title>
</link_info>
